// Jest Snapshot v1, https://goo.gl/fbAQLP

exports[`работа PetFeedCalc 1`] = `
<div
  className="PetFeedCalc"
>
  <div
    className="calc-block"
  >
    <h1>
      Калькулятор суточной нормы сухого корма для собак
    </h1>
    <p>
      Зная калорийность сухого корма, Вы можете рассчитать, сколько корма потребуется в день Вашему питомцу.
    </p>
    <div
      className="calc-inputs"
    >
      <div>
        <label
          htmlFor="calories"
        >
          1. Введите калорийность корма, ккал / 100 г (энергетическую ценность):   
        </label>
        <input
          id="calories"
          required={true}
          type="text"
        />
      </div>
      <div>
        <label
          htmlFor="activity"
        >
          2. Выберите уровень активности:   
        </label>
        <select
          id="activity"
          required={true}
        >
          <option
            value=""
          />
          <option
            value="377"
          >
            Низкая
          </option>
          <option
            value="460"
          >
            Нормальная
          </option>
          <option
            value="523"
          >
            Повышенная
          </option>
          <option
            value="680"
          >
            Высокая
          </option>
          <option
            value="730"
          >
            Щенки
          </option>
        </select>
      </div>
      <div>
        <label
          htmlFor="weight"
        >
          3. Введите вес собаки, кг:   
        </label>
        <input
          id="weight"
          required={true}
          type="text"
        />
      </div>
    </div>
    <div
      className="calc-btns"
    >
      <button
        className="calc-btn"
        data-testid="feed-count"
        onClick={[Function]}
      >
        Рассчитать
      </button>
      <button
        className="calc-btn"
        onClick={[Function]}
      >
        Очистить
      </button>
    </div>
    <div
      className="calc-results"
    >
      <div
        className="calc-result"
      >
        <span>
          <b>
            Рекомендуемая суточная норма сухого корма, г:   0
          </b>
        </span>
      </div>
      <div
        className="calc-result"
      >
        <span>
          <b>
            Количество сухого корма в столовых ложках:   0
          </b>
        </span>
        <p>
          * Не является точным значением. Зависит от величины и веса гранул сухого корма.
        </p>
      </div>
      <div
        className="calc-result"
      >
        <span>
          <b>
            Энергетическая ценность корма, кДж / кг:   0
          </b>
        </span>
      </div>
    </div>
    <div
      className="calc-copy"
    >
      <p>
        Норма потребления рассчитана по методике FEDIAF 
        <br />
        ("Федерация производителей кормов для домашних животных").
      </p>
    </div>
  </div>
</div>
`;

exports[`работа PetFeedCalc 2`] = `
<div
  className="PetFeedCalc"
>
  <div
    className="calc-block"
  >
    <h1>
      Калькулятор суточной нормы сухого корма для собак
    </h1>
    <p>
      Зная калорийность сухого корма, Вы можете рассчитать, сколько корма потребуется в день Вашему питомцу.
    </p>
    <div
      className="calc-inputs"
    >
      <div>
        <label
          htmlFor="calories"
        >
          1. Введите калорийность корма, ккал / 100 г (энергетическую ценность):   
        </label>
        <input
          id="calories"
          required={true}
          type="text"
        />
      </div>
      <div>
        <label
          htmlFor="activity"
        >
          2. Выберите уровень активности:   
        </label>
        <select
          id="activity"
          required={true}
        >
          <option
            value=""
          />
          <option
            value="377"
          >
            Низкая
          </option>
          <option
            value="460"
          >
            Нормальная
          </option>
          <option
            value="523"
          >
            Повышенная
          </option>
          <option
            value="680"
          >
            Высокая
          </option>
          <option
            value="730"
          >
            Щенки
          </option>
        </select>
      </div>
      <div>
        <label
          htmlFor="weight"
        >
          3. Введите вес собаки, кг:   
        </label>
        <input
          id="weight"
          required={true}
          type="text"
        />
      </div>
    </div>
    <div
      className="calc-btns"
    >
      <button
        className="calc-btn"
        data-testid="feed-count"
        onClick={[Function]}
      >
        Рассчитать
      </button>
      <button
        className="calc-btn"
        onClick={[Function]}
      >
        Очистить
      </button>
    </div>
    <div
      className="calc-results"
    >
      <div
        className="calc-result"
      >
        <span>
          <b>
            Рекомендуемая суточная норма сухого корма, г:   0
          </b>
        </span>
      </div>
      <div
        className="calc-result"
      >
        <span>
          <b>
            Количество сухого корма в столовых ложках:   0
          </b>
        </span>
        <p>
          * Не является точным значением. Зависит от величины и веса гранул сухого корма.
        </p>
      </div>
      <div
        className="calc-result"
      >
        <span>
          <b>
            Энергетическая ценность корма, кДж / кг:   0
          </b>
        </span>
      </div>
    </div>
    <div
      className="calc-copy"
    >
      <p>
        Норма потребления рассчитана по методике FEDIAF 
        <br />
        ("Федерация производителей кормов для домашних животных").
      </p>
    </div>
  </div>
</div>
`;
